=== RUN   TestKR0001aCharacterization
=== RUN   TestKR0001aCharacterization/F1/x.tsx
    known_regressions_test.go:51: record=KR-0001a fixture=F1 sha256=efd1f1afadcb0a0721f4cb1334c41d5d8c1306eb3e059d43f4ca025e5f31706a node_count=16 diagnostics={Outcome:accepted_with_errors Language:tsx InputBytes:28 StopReason:accepted StoppedEarly:false RootPresent:true RootStartByte:0 RootEndByte:28 HasError:true HasMissing:false ErrorType: DeadlineApplied:false TokensConsumed:13 LastTokenEndByte:28 ExpectedEOFByte:28 Iterations:16 IterationLimit:10000 Nodes:27 NodeLimit:300000 PeakStackDepth:9 StackDepthLimit:1000 ArenaBytes:7657504 ScratchBytes:3915576 MemoryBudgetBytes:536870912 Truncated:false Route:classic FallbackReason: ReuseReason: ReusedOldTree:false FallbackDetailAvailable:false}
=== RUN   TestKR0001aCharacterization/F1/x.jsx
    known_regressions_test.go:51: record=KR-0001a fixture=F1 sha256=efd1f1afadcb0a0721f4cb1334c41d5d8c1306eb3e059d43f4ca025e5f31706a node_count=18 diagnostics={Outcome:accepted_with_errors Language:javascript InputBytes:28 StopReason:accepted StoppedEarly:false RootPresent:true RootStartByte:0 RootEndByte:28 HasError:true HasMissing:false ErrorType: DeadlineApplied:false TokensConsumed:12 LastTokenEndByte:28 ExpectedEOFByte:28 Iterations:12 IterationLimit:10000 Nodes:17 NodeLimit:300000 PeakStackDepth:11 StackDepthLimit:1000 ArenaBytes:7657504 ScratchBytes:3981112 MemoryBudgetBytes:536870912 Truncated:false Route:classic FallbackReason: ReuseReason: ReusedOldTree:false FallbackDetailAvailable:false}
=== RUN   TestKR0001aCharacterization/F2/x.tsx
    known_regressions_test.go:51: record=KR-0001a fixture=F2 sha256=64a8995a210895b9beb7d5d59f04aff12461314928d622c3523e1bde2092e8e3 node_count=16 diagnostics={Outcome:accepted_with_errors Language:tsx InputBytes:22 StopReason:accepted StoppedEarly:false RootPresent:true RootStartByte:0 RootEndByte:22 HasError:true HasMissing:false ErrorType: DeadlineApplied:false TokensConsumed:13 LastTokenEndByte:22 ExpectedEOFByte:22 Iterations:16 IterationLimit:10000 Nodes:27 NodeLimit:300000 PeakStackDepth:9 StackDepthLimit:1000 ArenaBytes:7657504 ScratchBytes:3915576 MemoryBudgetBytes:536870912 Truncated:false Route:classic FallbackReason: ReuseReason: ReusedOldTree:false FallbackDetailAvailable:false}
=== RUN   TestKR0001aCharacterization/F2/x.jsx
    known_regressions_test.go:51: record=KR-0001a fixture=F2 sha256=64a8995a210895b9beb7d5d59f04aff12461314928d622c3523e1bde2092e8e3 node_count=18 diagnostics={Outcome:accepted_with_errors Language:javascript InputBytes:22 StopReason:accepted StoppedEarly:false RootPresent:true RootStartByte:0 RootEndByte:22 HasError:true HasMissing:false ErrorType: DeadlineApplied:false TokensConsumed:12 LastTokenEndByte:22 ExpectedEOFByte:22 Iterations:12 IterationLimit:10000 Nodes:17 NodeLimit:300000 PeakStackDepth:11 StackDepthLimit:1000 ArenaBytes:7657504 ScratchBytes:3981112 MemoryBudgetBytes:536870912 Truncated:false Route:classic FallbackReason: ReuseReason: ReusedOldTree:false FallbackDetailAvailable:false}
=== RUN   TestKR0001aCharacterization/F3/x.tsx
    known_regressions_test.go:51: record=KR-0001a fixture=F3 sha256=7cfe8fb425960bf47c9a2a48c734772700de3dd0da691bd087b1f5cb3417769a node_count=18 diagnostics={Outcome:accepted_with_errors Language:tsx InputBytes:19 StopReason:accepted StoppedEarly:false RootPresent:true RootStartByte:0 RootEndByte:19 HasError:true HasMissing:false ErrorType: DeadlineApplied:false TokensConsumed:12 LastTokenEndByte:19 ExpectedEOFByte:19 Iterations:15 IterationLimit:10000 Nodes:42 NodeLimit:300000 PeakStackDepth:9 StackDepthLimit:1000 ArenaBytes:7657544 ScratchBytes:3981112 MemoryBudgetBytes:536870912 Truncated:false Route:classic FallbackReason: ReuseReason: ReusedOldTree:false FallbackDetailAvailable:false}
=== RUN   TestKR0001aCharacterization/F3/x.jsx
    known_regressions_test.go:51: record=KR-0001a fixture=F3 sha256=7cfe8fb425960bf47c9a2a48c734772700de3dd0da691bd087b1f5cb3417769a node_count=17 diagnostics={Outcome:accepted_with_errors Language:javascript InputBytes:19 StopReason:accepted StoppedEarly:false RootPresent:true RootStartByte:0 RootEndByte:19 HasError:true HasMissing:false ErrorType: DeadlineApplied:false TokensConsumed:11 LastTokenEndByte:19 ExpectedEOFByte:19 Iterations:14 IterationLimit:10000 Nodes:18 NodeLimit:300000 PeakStackDepth:9 StackDepthLimit:1000 ArenaBytes:7657544 ScratchBytes:3981112 MemoryBudgetBytes:536870912 Truncated:false Route:classic FallbackReason: ReuseReason: ReusedOldTree:false FallbackDetailAvailable:false}
--- PASS: TestKR0001aCharacterization (0.14s)
    --- PASS: TestKR0001aCharacterization/F1/x.tsx (0.12s)
    --- PASS: TestKR0001aCharacterization/F1/x.jsx (0.01s)
    --- PASS: TestKR0001aCharacterization/F2/x.tsx (0.00s)
    --- PASS: TestKR0001aCharacterization/F2/x.jsx (0.00s)
    --- PASS: TestKR0001aCharacterization/F3/x.tsx (0.00s)
    --- PASS: TestKR0001aCharacterization/F3/x.jsx (0.00s)
=== RUN   TestKR0001bSuspectedDivergence
=== RUN   TestKR0001bSuspectedDivergence/F4/x.tsx
    known_regressions_test.go:51: record=KR-0001b fixture=F4 sha256=00fb2b5a4c026746e65f819a40a4a1b4410006b400d0fffdf50fa06485ae15af node_count=17 diagnostics={Outcome:accepted_with_errors Language:tsx InputBytes:23 StopReason:accepted StoppedEarly:false RootPresent:true RootStartByte:0 RootEndByte:23 HasError:true HasMissing:false ErrorType: DeadlineApplied:false TokensConsumed:13 LastTokenEndByte:23 ExpectedEOFByte:23 Iterations:16 IterationLimit:10000 Nodes:32 NodeLimit:300000 PeakStackDepth:11 StackDepthLimit:1000 ArenaBytes:7657544 ScratchBytes:3981160 MemoryBudgetBytes:536870912 Truncated:false Route:classic FallbackReason: ReuseReason: ReusedOldTree:false FallbackDetailAvailable:false}
=== RUN   TestKR0001bSuspectedDivergence/F4/x.jsx
    known_regressions_test.go:51: record=KR-0001b fixture=F4 sha256=00fb2b5a4c026746e65f819a40a4a1b4410006b400d0fffdf50fa06485ae15af node_count=15 diagnostics={Outcome:accepted_with_errors Language:javascript InputBytes:23 StopReason:accepted StoppedEarly:false RootPresent:true RootStartByte:0 RootEndByte:23 HasError:true HasMissing:false ErrorType: DeadlineApplied:false TokensConsumed:13 LastTokenEndByte:23 ExpectedEOFByte:23 Iterations:13 IterationLimit:10000 Nodes:16 NodeLimit:300000 PeakStackDepth:13 StackDepthLimit:1000 ArenaBytes:7657544 ScratchBytes:3981160 MemoryBudgetBytes:536870912 Truncated:false Route:classic FallbackReason: ReuseReason: ReusedOldTree:false FallbackDetailAvailable:false}
=== RUN   TestKR0001bSuspectedDivergence/F5/x.tsx
    known_regressions_test.go:51: record=KR-0001b fixture=F5 sha256=c868254fda1dfbe6613fde4dca3538a1233e554464e172cbc9e2785a802ff2a7 node_count=17 diagnostics={Outcome:accepted_with_errors Language:tsx InputBytes:27 StopReason:accepted StoppedEarly:false RootPresent:true RootStartByte:0 RootEndByte:27 HasError:true HasMissing:false ErrorType: DeadlineApplied:false TokensConsumed:13 LastTokenEndByte:27 ExpectedEOFByte:27 Iterations:16 IterationLimit:10000 Nodes:32 NodeLimit:300000 PeakStackDepth:11 StackDepthLimit:1000 ArenaBytes:7657544 ScratchBytes:3981160 MemoryBudgetBytes:536870912 Truncated:false Route:classic FallbackReason: ReuseReason: ReusedOldTree:false FallbackDetailAvailable:false}
=== RUN   TestKR0001bSuspectedDivergence/F5/x.jsx
    known_regressions_test.go:51: record=KR-0001b fixture=F5 sha256=c868254fda1dfbe6613fde4dca3538a1233e554464e172cbc9e2785a802ff2a7 node_count=15 diagnostics={Outcome:accepted_with_errors Language:javascript InputBytes:27 StopReason:accepted StoppedEarly:false RootPresent:true RootStartByte:0 RootEndByte:27 HasError:true HasMissing:false ErrorType: DeadlineApplied:false TokensConsumed:13 LastTokenEndByte:27 ExpectedEOFByte:27 Iterations:13 IterationLimit:10000 Nodes:16 NodeLimit:300000 PeakStackDepth:13 StackDepthLimit:1000 ArenaBytes:7657544 ScratchBytes:3981160 MemoryBudgetBytes:536870912 Truncated:false Route:classic FallbackReason: ReuseReason: ReusedOldTree:false FallbackDetailAvailable:false}
--- PASS: TestKR0001bSuspectedDivergence (0.01s)
    --- PASS: TestKR0001bSuspectedDivergence/F4/x.tsx (0.00s)
    --- PASS: TestKR0001bSuspectedDivergence/F4/x.jsx (0.00s)
    --- PASS: TestKR0001bSuspectedDivergence/F5/x.tsx (0.00s)
    --- PASS: TestKR0001bSuspectedDivergence/F5/x.jsx (0.00s)
=== RUN   TestKR0001Controls
=== RUN   TestKR0001Controls/F6/x.tsx
    known_regressions_test.go:51: record=controls fixture=F6 sha256=8c7dc4153eba3baa321de48374d7b902197a96a24ccf68a9d89d78aab69cd10c node_count=19 diagnostics={Outcome:accepted_clean Language:tsx InputBytes:27 StopReason:accepted StoppedEarly:false RootPresent:true RootStartByte:0 RootEndByte:27 HasError:false HasMissing:false ErrorType: DeadlineApplied:false TokensConsumed:14 LastTokenEndByte:27 ExpectedEOFByte:27 Iterations:0 IterationLimit:0 Nodes:25 NodeLimit:0 PeakStackDepth:0 StackDepthLimit:0 ArenaBytes:0 ScratchBytes:0 MemoryBudgetBytes:0 Truncated:false Route:compact FallbackReason: ReuseReason: ReusedOldTree:false FallbackDetailAvailable:false}
=== RUN   TestKR0001Controls/F6/x.jsx
    known_regressions_test.go:51: record=controls fixture=F6 sha256=8c7dc4153eba3baa321de48374d7b902197a96a24ccf68a9d89d78aab69cd10c node_count=19 diagnostics={Outcome:accepted_clean Language:javascript InputBytes:27 StopReason:accepted StoppedEarly:false RootPresent:true RootStartByte:0 RootEndByte:27 HasError:false HasMissing:false ErrorType: DeadlineApplied:false TokensConsumed:0 LastTokenEndByte:27 ExpectedEOFByte:27 Iterations:0 IterationLimit:0 Nodes:0 NodeLimit:0 PeakStackDepth:0 StackDepthLimit:0 ArenaBytes:0 ScratchBytes:0 MemoryBudgetBytes:0 Truncated:false Route:forest FallbackReason: ReuseReason: ReusedOldTree:false FallbackDetailAvailable:false}
=== RUN   TestKR0001Controls/F7/x.tsx
    known_regressions_test.go:51: record=controls fixture=F7 sha256=f4792d0e83f86c02a59533ca2a1fc3a75a4f607d91f217414ba111c4993003cd node_count=17 diagnostics={Outcome:accepted_clean Language:tsx InputBytes:23 StopReason:accepted StoppedEarly:false RootPresent:true RootStartByte:0 RootEndByte:23 HasError:false HasMissing:false ErrorType: DeadlineApplied:false TokensConsumed:12 LastTokenEndByte:23 ExpectedEOFByte:23 Iterations:0 IterationLimit:0 Nodes:21 NodeLimit:0 PeakStackDepth:0 StackDepthLimit:0 ArenaBytes:0 ScratchBytes:0 MemoryBudgetBytes:0 Truncated:false Route:compact FallbackReason: ReuseReason: ReusedOldTree:false FallbackDetailAvailable:false}
=== RUN   TestKR0001Controls/F7/x.jsx
    known_regressions_test.go:51: record=controls fixture=F7 sha256=f4792d0e83f86c02a59533ca2a1fc3a75a4f607d91f217414ba111c4993003cd node_count=17 diagnostics={Outcome:accepted_clean Language:javascript InputBytes:23 StopReason:accepted StoppedEarly:false RootPresent:true RootStartByte:0 RootEndByte:23 HasError:false HasMissing:false ErrorType: DeadlineApplied:false TokensConsumed:0 LastTokenEndByte:23 ExpectedEOFByte:23 Iterations:0 IterationLimit:0 Nodes:0 NodeLimit:0 PeakStackDepth:0 StackDepthLimit:0 ArenaBytes:0 ScratchBytes:0 MemoryBudgetBytes:0 Truncated:false Route:forest FallbackReason: ReuseReason: ReusedOldTree:false FallbackDetailAvailable:false}
--- PASS: TestKR0001Controls (0.01s)
    --- PASS: TestKR0001Controls/F6/x.tsx (0.00s)
    --- PASS: TestKR0001Controls/F6/x.jsx (0.00s)
    --- PASS: TestKR0001Controls/F7/x.tsx (0.00s)
    --- PASS: TestKR0001Controls/F7/x.jsx (0.00s)
PASS
ok  	github.com/wotjr1649/go-treesitter/internal/gtsadapter	0.334s
