.scratch/package-consumer-amd64.exe: go1.27.1
	path	github.com/wotjr1649/go-treesitter/testdata/consumer
	mod	github.com/wotjr1649/go-treesitter	v0.0.0-20260922122142-a8fb81575398+dirty	
	dep	github.com/odvcencio/gotreesitter	v0.53.0	h1:VWoixJYMb01xde2BSXejzMmvLagj8B01sOSqNUUqsfA=
	build	-buildmode=exe
	build	-compiler=gc
	build	CGO_ENABLED=0
	build	GOARCH=amd64
	build	GOOS=windows
	build	GOAMD64=v1
	build	vcs=git
	build	vcs.revision=a8fb8157539859f40951d8de3d5f36d667d9d0b3
	build	vcs.time=2026-09-22T12:21:42Z
	build	vcs.modified=true
.scratch/package-consumer-arm64.exe: go1.27.1
	path	github.com/wotjr1649/go-treesitter/testdata/consumer
	mod	github.com/wotjr1649/go-treesitter	v0.0.0-20260922122142-a8fb81575398+dirty	
	dep	github.com/odvcencio/gotreesitter	v0.53.0	h1:VWoixJYMb01xde2BSXejzMmvLagj8B01sOSqNUUqsfA=
	build	-buildmode=exe
	build	-compiler=gc
	build	CGO_ENABLED=0
	build	GOARCH=arm64
	build	GOOS=windows
	build	GOARM64=v8.0
	build	vcs=git
	build	vcs.revision=a8fb8157539859f40951d8de3d5f36d667d9d0b3
	build	vcs.time=2026-09-22T12:21:42Z
	build	vcs.modified=true
