internal/goarch|
unsafe|
internal/abi|
internal/unsafeheader|
internal/cpu|
internal/bytealg|
internal/byteorder|
internal/chacha8rand|
internal/coverage/rtcov|
internal/godebugs|
internal/goexperiment|
internal/goos|
internal/profilerecord|
internal/runtime/atomic|
internal/runtime/exithook|
internal/runtime/gc|
internal/runtime/sys|
internal/runtime/gc/scan|
internal/asan|
internal/msan|
internal/race|
internal/runtime/math|
math/bits|
internal/runtime/maps|
internal/runtime/pprof/label|
internal/runtime/syscall/windows|
internal/strconv|
internal/stringslite|
internal/trace/tracev2|
runtime|
internal/reflectlite|
errors|
sync/atomic|
internal/sync|
internal/synctest|
sync|
io|
iter|
unicode|
unicode/utf8|
bytes|
internal/syscall/windows/sysdll|
internal/oserror|
cmp|
slices|
unicode/utf16|
syscall|
internal/syscall/windows/registry|
time|
context|
math|
strconv|
reflect|
internal/fmtsort|
structs|
internal/syscall/windows|
path|
io/fs|
internal/filepathlite|
internal/bisect|
internal/godebug|
internal/poll|
internal/syscall/execenv|
internal/testlog|
os|
fmt|
strings|
bufio|
compress/flate|
encoding/binary|
hash|
hash/crc32|
compress/gzip|
crypto|
crypto/internal/fips140deps/godebug|
crypto/internal/fips140|
crypto/internal/fips140/alias|
crypto/internal/fips140deps/byteorder|
crypto/internal/fips140deps/cpu|
crypto/internal/impl|
crypto/internal/fips140/sha256|
crypto/internal/constanttime|
crypto/internal/fips140/subtle|
crypto/internal/fips140/sha3|
crypto/internal/fips140/sha512|
crypto/internal/fips140/hmac|
crypto/internal/fips140/check|
crypto/internal/fips140/aes|
crypto/internal/fips140deps/time|
crypto/internal/entropy/v1.0.0|
crypto/internal/sysrand|
crypto/internal/fips140/drbg|
crypto/internal/fips140/aes/gcm|
crypto/fips140|
crypto/internal/fips140only|
crypto/subtle|
crypto/cipher|
crypto/internal/boring/sig|
crypto/internal/boring|
crypto/sha256|
embed|
encoding|
internal/saferio|
maps|
encoding/gob|
encoding/json/internal|
encoding/json/internal/jsonflags|
encoding/json/internal/jsonopts|
encoding/json/internal/jsonwire|
encoding/json/jsontext|
encoding/base32|
encoding/base64|
encoding/hex|
encoding/json/v2|
encoding/json|
sort|
regexp/syntax|
regexp|
github.com/odvcencio/gotreesitter/internal/luapattern|
github.com/odvcencio/gotreesitter/internal/parsercorephase0|
go/token|
path/filepath|
go/scanner|
go/ast|
go/build/constraint|
go/parser|
github.com/odvcencio/gotreesitter|
github.com/odvcencio/gotreesitter/grammars/internal/standaloneregistry|
container/list|
github.com/odvcencio/gotreesitter/grammars/internal/pythonruntime|
hash/fnv|
github.com/odvcencio/gotreesitter/grammars/runtime|
github.com/odvcencio/gotreesitter/grammars|
github.com/wotjr1649/go-treesitter/syntax|
github.com/wotjr1649/go-treesitter/internal/gtsadapter|
github.com/wotjr1649/go-treesitter|
github.com/wotjr1649/go-treesitter/internal/boundary|
github.com/wotjr1649/go-treesitter/internal/provenance|
flag|
github.com/wotjr1649/go-treesitter/tools/measure|
