Generate a parser

Usage: tree-sitter.exe generate [OPTIONS] [GRAMMAR_PATH]

Arguments:
  [GRAMMAR_PATH]  The path to the grammar file

Options:
  -l, --log
          Show debug log during generation
      --abi <VERSION>
          Select the language ABI version to generate (default 15).
          Use --abi=latest to generate the newest supported version (15). [env: TREE_SITTER_ABI_VERSION=]
      --no-parser
          Only generate `grammar.json` and `node-types.json`
  -b, --build
          Deprecated: use the `build` command
  -0, --debug-build
          Deprecated: use the `build` command
      --libdir <PATH>
          Deprecated: use the `build` command
  -o, --output <DIRECTORY>
          The path to output the generated source files
      --report-states-for-rule <REPORT_STATES_FOR_RULE>
          Produce a report of the states for the given rule, use `-` to report every rule
      --json
          Deprecated: use --json-summary
      --json-summary
          Report conflicts in a JSON format
      --js-runtime <EXECUTABLE>
          The name or path of the JavaScript runtime to use for generating parsers, specify `native` to use the native `QuickJS` runtime [env: TREE_SITTER_JS_RUNTIME=] [default: node]
      --disable-optimizations
          Disable optimizations when generating the parser. Currently, this only affects the merging of compatible parse states
  -h, --help
          Print help
