=== RUN   TestTypeScriptContextualOracleRecords
    oracle_test.go:200: runtime version=v0.53.0 candidate=false
=== RUN   TestTypeScriptContextualOracleRecords/ts-newline-in
    oracle_test.go:326: fixture=ts-newline-in source=5ea3710f7074d1d368230ee1e7bdf20d855fa5e3e259f00b8dc59de61ea363a0 build=700048d55fa148b339befa066f5b2b1b5c94ae4b15c129e6d2cf667d0481c31e go_digest=cebfe4e4e3ff3382b766fc84536353531f2f1c796bee2520bf719ce75c60793d c_digest=528038d5d6a65c89fb173fb2f6691d8484f259b5c897904419411ffc9c8b614e go_len=26 c_len=25 first=7 go={Outcome:accepted_clean Language:typescript InputBytes:63 StopReason:accepted StoppedEarly:false RootPresent:true RootStartByte:0 RootEndByte:63 HasError:false HasMissing:false ErrorType: DeadlineApplied:true TokensConsumed:19 LastTokenEndByte:63 ExpectedEOFByte:63 Iterations:0 IterationLimit:0 Nodes:52 NodeLimit:0 PeakStackDepth:0 StackDepthLimit:0 ArenaBytes:0 ScratchBytes:0 MemoryBudgetBytes:0 Truncated:false Route:compact FallbackReason: ReuseReason: ReusedOldTree:false FallbackDetailAvailable:false SnapshotComplete:true SnapshotNodes:26 SnapshotNodeLimit:0 InputLimitBytes:0 LimitReason:} c_error=true
    oracle_test.go:329: Go[7]={Type:property_signature Field: Parent:5 Named:true Extra:false Missing:false Error:false StartByte:18 EndByte:33 StartPoint:{Row:1 Column:2} EndPoint:{Row:1 Column:17}}
    oracle_test.go:332: C[7]={Type:property_signature Field: Parent:5 Named:true Extra:false Missing:false Error:false StartByte:18 EndByte:46 StartPoint:{Row:1 Column:2} EndPoint:{Row:2 Column:12}}
=== RUN   TestTypeScriptContextualOracleRecords/ts-newline-optional-in
    oracle_test.go:326: fixture=ts-newline-optional-in source=2d9a64aab3c346b5c7555602956c354788ccb653dfc5679332219db6464a6855 build=700048d55fa148b339befa066f5b2b1b5c94ae4b15c129e6d2cf667d0481c31e go_digest=35c282631b2c4e27ce0c78c5b53607cb4fb3932cf11623148232e30d22bb1654 c_digest=e42a2fa214cbbcbd4d1024c247274cd9d5338a3d8240e9b59d84250d077c763e go_len=20 c_len=18 first=12 go={Outcome:accepted_clean Language:typescript InputBytes:53 StopReason:accepted StoppedEarly:false RootPresent:true RootStartByte:0 RootEndByte:53 HasError:false HasMissing:false ErrorType: DeadlineApplied:true TokensConsumed:14 LastTokenEndByte:53 ExpectedEOFByte:53 Iterations:0 IterationLimit:0 Nodes:37 NodeLimit:0 PeakStackDepth:0 StackDepthLimit:0 ArenaBytes:0 ScratchBytes:0 MemoryBudgetBytes:0 Truncated:false Route:compact FallbackReason: ReuseReason: ReusedOldTree:false FallbackDetailAvailable:false SnapshotComplete:true SnapshotNodes:20 SnapshotNodeLimit:0 InputLimitBytes:0 LimitReason:} c_error=true
    oracle_test.go:329: Go[12]={Type:property_signature Field: Parent:4 Named:true Extra:false Missing:false Error:false StartByte:39 EndByte:50 StartPoint:{Row:2 Column:2} EndPoint:{Row:2 Column:13}}
    oracle_test.go:332: C[12]={Type:ERROR Field: Parent:4 Named:true Extra:true Missing:false Error:true StartByte:39 EndByte:50 StartPoint:{Row:2 Column:2} EndPoint:{Row:2 Column:13}}
=== RUN   TestTypeScriptContextualOracleRecords/ts-binary-in
    oracle_test.go:326: fixture=ts-binary-in source=89e94573313f662240db118ff1c0f6b09bd332873c544cb3fad5920c954b2c0b build=700048d55fa148b339befa066f5b2b1b5c94ae4b15c129e6d2cf667d0481c31e go_digest=4a2911f2ff44dd18b0c41f7379f5306216c7d8b5e79ab71ba82e9d96a31d0c07 c_digest=4a2911f2ff44dd18b0c41f7379f5306216c7d8b5e79ab71ba82e9d96a31d0c07 go_len=11 c_len=11 first=-1 go={Outcome:accepted_clean Language:typescript InputBytes:32 StopReason:accepted StoppedEarly:false RootPresent:true RootStartByte:0 RootEndByte:32 HasError:false HasMissing:false ErrorType: DeadlineApplied:true TokensConsumed:8 LastTokenEndByte:32 ExpectedEOFByte:32 Iterations:0 IterationLimit:0 Nodes:20 NodeLimit:0 PeakStackDepth:0 StackDepthLimit:0 ArenaBytes:0 ScratchBytes:0 MemoryBudgetBytes:0 Truncated:false Route:compact FallbackReason: ReuseReason: ReusedOldTree:false FallbackDetailAvailable:false SnapshotComplete:true SnapshotNodes:11 SnapshotNodeLimit:0 InputLimitBytes:0 LimitReason:} c_error=false
=== RUN   TestTypeScriptContextualOracleRecords/ts-semicolon-in
    oracle_test.go:326: fixture=ts-semicolon-in source=e0d40be55bfa639775ab6fb7ea39cdbb0bfeed72742313057b058acfe8e02ae2 build=700048d55fa148b339befa066f5b2b1b5c94ae4b15c129e6d2cf667d0481c31e go_digest=76bd1d2a04af4fee26705e28d8e12ab9e4635d00a0aef8ac1f6ec2db60ad4d1b c_digest=76bd1d2a04af4fee26705e28d8e12ab9e4635d00a0aef8ac1f6ec2db60ad4d1b go_len=29 c_len=29 first=-1 go={Outcome:accepted_clean Language:typescript InputBytes:60 StopReason:accepted StoppedEarly:false RootPresent:true RootStartByte:0 RootEndByte:60 HasError:false HasMissing:false ErrorType: DeadlineApplied:true TokensConsumed:19 LastTokenEndByte:60 ExpectedEOFByte:60 Iterations:0 IterationLimit:0 Nodes:52 NodeLimit:0 PeakStackDepth:0 StackDepthLimit:0 ArenaBytes:0 ScratchBytes:0 MemoryBudgetBytes:0 Truncated:false Route:compact FallbackReason: ReuseReason: ReusedOldTree:false FallbackDetailAvailable:false SnapshotComplete:true SnapshotNodes:29 SnapshotNodeLimit:0 InputLimitBytes:0 LimitReason:} c_error=false
=== RUN   TestTypeScriptContextualOracleRecords/tsx-newline-in
    oracle_test.go:326: fixture=tsx-newline-in source=5ea3710f7074d1d368230ee1e7bdf20d855fa5e3e259f00b8dc59de61ea363a0 build=700048d55fa148b339befa066f5b2b1b5c94ae4b15c129e6d2cf667d0481c31e go_digest=cebfe4e4e3ff3382b766fc84536353531f2f1c796bee2520bf719ce75c60793d c_digest=528038d5d6a65c89fb173fb2f6691d8484f259b5c897904419411ffc9c8b614e go_len=26 c_len=25 first=7 go={Outcome:accepted_clean Language:tsx InputBytes:63 StopReason:accepted StoppedEarly:false RootPresent:true RootStartByte:0 RootEndByte:63 HasError:false HasMissing:false ErrorType: DeadlineApplied:true TokensConsumed:19 LastTokenEndByte:63 ExpectedEOFByte:63 Iterations:0 IterationLimit:0 Nodes:52 NodeLimit:0 PeakStackDepth:0 StackDepthLimit:0 ArenaBytes:0 ScratchBytes:0 MemoryBudgetBytes:0 Truncated:false Route:compact FallbackReason: ReuseReason: ReusedOldTree:false FallbackDetailAvailable:false SnapshotComplete:true SnapshotNodes:26 SnapshotNodeLimit:0 InputLimitBytes:0 LimitReason:} c_error=true
    oracle_test.go:329: Go[7]={Type:property_signature Field: Parent:5 Named:true Extra:false Missing:false Error:false StartByte:18 EndByte:33 StartPoint:{Row:1 Column:2} EndPoint:{Row:1 Column:17}}
    oracle_test.go:332: C[7]={Type:property_signature Field: Parent:5 Named:true Extra:false Missing:false Error:false StartByte:18 EndByte:46 StartPoint:{Row:1 Column:2} EndPoint:{Row:2 Column:12}}
=== RUN   TestTypeScriptContextualOracleRecords/tsx-newline-optional-in
    oracle_test.go:326: fixture=tsx-newline-optional-in source=2d9a64aab3c346b5c7555602956c354788ccb653dfc5679332219db6464a6855 build=700048d55fa148b339befa066f5b2b1b5c94ae4b15c129e6d2cf667d0481c31e go_digest=35c282631b2c4e27ce0c78c5b53607cb4fb3932cf11623148232e30d22bb1654 c_digest=e42a2fa214cbbcbd4d1024c247274cd9d5338a3d8240e9b59d84250d077c763e go_len=20 c_len=18 first=12 go={Outcome:accepted_clean Language:tsx InputBytes:53 StopReason:accepted StoppedEarly:false RootPresent:true RootStartByte:0 RootEndByte:53 HasError:false HasMissing:false ErrorType: DeadlineApplied:true TokensConsumed:14 LastTokenEndByte:53 ExpectedEOFByte:53 Iterations:0 IterationLimit:0 Nodes:37 NodeLimit:0 PeakStackDepth:0 StackDepthLimit:0 ArenaBytes:0 ScratchBytes:0 MemoryBudgetBytes:0 Truncated:false Route:compact FallbackReason: ReuseReason: ReusedOldTree:false FallbackDetailAvailable:false SnapshotComplete:true SnapshotNodes:20 SnapshotNodeLimit:0 InputLimitBytes:0 LimitReason:} c_error=true
    oracle_test.go:329: Go[12]={Type:property_signature Field: Parent:4 Named:true Extra:false Missing:false Error:false StartByte:39 EndByte:50 StartPoint:{Row:2 Column:2} EndPoint:{Row:2 Column:13}}
    oracle_test.go:332: C[12]={Type:ERROR Field: Parent:4 Named:true Extra:true Missing:false Error:true StartByte:39 EndByte:50 StartPoint:{Row:2 Column:2} EndPoint:{Row:2 Column:13}}
=== RUN   TestTypeScriptContextualOracleRecords/tsx-binary-in
    oracle_test.go:326: fixture=tsx-binary-in source=89e94573313f662240db118ff1c0f6b09bd332873c544cb3fad5920c954b2c0b build=700048d55fa148b339befa066f5b2b1b5c94ae4b15c129e6d2cf667d0481c31e go_digest=4a2911f2ff44dd18b0c41f7379f5306216c7d8b5e79ab71ba82e9d96a31d0c07 c_digest=4a2911f2ff44dd18b0c41f7379f5306216c7d8b5e79ab71ba82e9d96a31d0c07 go_len=11 c_len=11 first=-1 go={Outcome:accepted_clean Language:tsx InputBytes:32 StopReason:accepted StoppedEarly:false RootPresent:true RootStartByte:0 RootEndByte:32 HasError:false HasMissing:false ErrorType: DeadlineApplied:true TokensConsumed:8 LastTokenEndByte:32 ExpectedEOFByte:32 Iterations:0 IterationLimit:0 Nodes:20 NodeLimit:0 PeakStackDepth:0 StackDepthLimit:0 ArenaBytes:0 ScratchBytes:0 MemoryBudgetBytes:0 Truncated:false Route:compact FallbackReason: ReuseReason: ReusedOldTree:false FallbackDetailAvailable:false SnapshotComplete:true SnapshotNodes:11 SnapshotNodeLimit:0 InputLimitBytes:0 LimitReason:} c_error=false
=== RUN   TestTypeScriptContextualOracleRecords/tsx-semicolon-in
    oracle_test.go:326: fixture=tsx-semicolon-in source=e0d40be55bfa639775ab6fb7ea39cdbb0bfeed72742313057b058acfe8e02ae2 build=700048d55fa148b339befa066f5b2b1b5c94ae4b15c129e6d2cf667d0481c31e go_digest=76bd1d2a04af4fee26705e28d8e12ab9e4635d00a0aef8ac1f6ec2db60ad4d1b c_digest=76bd1d2a04af4fee26705e28d8e12ab9e4635d00a0aef8ac1f6ec2db60ad4d1b go_len=29 c_len=29 first=-1 go={Outcome:accepted_clean Language:tsx InputBytes:60 StopReason:accepted StoppedEarly:false RootPresent:true RootStartByte:0 RootEndByte:60 HasError:false HasMissing:false ErrorType: DeadlineApplied:true TokensConsumed:19 LastTokenEndByte:60 ExpectedEOFByte:60 Iterations:0 IterationLimit:0 Nodes:52 NodeLimit:0 PeakStackDepth:0 StackDepthLimit:0 ArenaBytes:0 ScratchBytes:0 MemoryBudgetBytes:0 Truncated:false Route:compact FallbackReason: ReuseReason: ReusedOldTree:false FallbackDetailAvailable:false SnapshotComplete:true SnapshotNodes:29 SnapshotNodeLimit:0 InputLimitBytes:0 LimitReason:} c_error=false
--- PASS: TestTypeScriptContextualOracleRecords (0.40s)
    --- PASS: TestTypeScriptContextualOracleRecords/ts-newline-in (0.16s)
    --- PASS: TestTypeScriptContextualOracleRecords/ts-newline-optional-in (0.00s)
    --- PASS: TestTypeScriptContextualOracleRecords/ts-binary-in (0.00s)
    --- PASS: TestTypeScriptContextualOracleRecords/ts-semicolon-in (0.00s)
    --- PASS: TestTypeScriptContextualOracleRecords/tsx-newline-in (0.14s)
    --- PASS: TestTypeScriptContextualOracleRecords/tsx-newline-optional-in (0.00s)
    --- PASS: TestTypeScriptContextualOracleRecords/tsx-binary-in (0.00s)
    --- PASS: TestTypeScriptContextualOracleRecords/tsx-semicolon-in (0.00s)
PASS
ok  	github.com/wotjr1649/go-treesitter/internal/gtsadapter	0.609s
