members-0-0 44 baseline:-1 csharp-no-compat:-1
members-0-1 46 baseline:6 csharp-no-compat:-1
members-0-2 50 baseline:6 csharp-no-compat:-1
members-0-3 54 baseline:6 csharp-no-compat:-1
members-1-0 48 baseline:-1 csharp-no-compat:-1
members-1-1 50 baseline:-1 csharp-no-compat:-1
members-1-2 54 baseline:6 csharp-no-compat:-1
members-1-3 58 baseline:6 csharp-no-compat:-1
members-2-0 52 baseline:6 csharp-no-compat:17
members-2-1 54 baseline:17 csharp-no-compat:17
members-2-2 58 baseline:6 csharp-no-compat:17
members-2-3 62 baseline:6 csharp-no-compat:17
members-3-0 56 baseline:6 csharp-no-compat:20
members-3-1 58 baseline:20 csharp-no-compat:20
members-3-2 62 baseline:6 csharp-no-compat:20
members-3-3 66 baseline:6 csharp-no-compat:20
members-4-0 60 baseline:6 csharp-no-compat:23
members-4-1 62 baseline:6 csharp-no-compat:23
members-4-2 66 baseline:6 csharp-no-compat:23
members-4-3 70 baseline:6 csharp-no-compat:23
members-5-0 64 baseline:6 csharp-no-compat:26
members-5-1 66 baseline:6 csharp-no-compat:26
members-5-2 70 baseline:6 csharp-no-compat:26
members-5-3 74 baseline:6 csharp-no-compat:26
members-6-0 68 baseline:6 csharp-no-compat:29
members-6-1 70 baseline:6 csharp-no-compat:29
members-6-2 74 baseline:6 csharp-no-compat:29
members-6-3 78 baseline:6 csharp-no-compat:29
members-7-0 72 baseline:6 csharp-no-compat:32
members-7-1 74 baseline:6 csharp-no-compat:32
members-7-2 78 baseline:6 csharp-no-compat:32
members-7-3 82 baseline:6 csharp-no-compat:32
original 604 baseline:13 csharp-no-compat:41
no-comments 323 baseline:9 csharp-no-compat:37
short-namespace 309 baseline:6 csharp-no-compat:34
short-names 267 baseline:6 csharp-no-compat:34
unindented 512 baseline:13 csharp-no-compat:41
