excerpt-original nodes 2092 2092 structural differences 19
replace [5, 6] [5, 6] [('namespace_declaration', 281, 12407)] [('namespace_declaration', 281, 12405)]
replace [11, 12] [11, 12] [('declaration_list', 307, 12407)] [('declaration_list', 307, 12405)]
replace [57, 58] [57, 58] [('class_declaration', 742, 12405)] [('class_declaration', 742, 6962)]
replace [69, 70] [69, 70] [('declaration_list', 810, 12405)] [('declaration_list', 810, 6962)]
replace [626, 627] [626, 627] [('method_declaration', 3752, 6962)] [('method_declaration', 3752, 6952)]
replace [641, 642] [641, 642] [('block', 3820, 6962)] [('block', 3820, 6952)]
replace [653, 654] [653, 654] [('switch_statement', 3873, 6952)] [('switch_statement', 3873, 6786)]
replace [658, 659] [658, 659] [('switch_body', 3903, 6952)] [('switch_body', 3903, 6786)]
replace [876, 878] [876, 878] [('type_pattern', 4945, 4965), ('qualified_name', 4945, 4965)] [('constant_pattern', 4945, 4965), ('member_access_expression', 4945, 4965)]
replace [884, 886] [884, 886] [('type_pattern', 4988, 5010), ('qualified_name', 4988, 5010)] [('constant_pattern', 4988, 5010), ('member_access_expression', 4988, 5010)]
replace [892, 894] [892, 894] [('type_pattern', 5033, 5055), ('qualified_name', 5033, 5055)] [('constant_pattern', 5033, 5055), ('member_access_expression', 5033, 5055)]
replace [902, 903] [902, 903] [('switch_section', 5150, 6938)] [('switch_section', 5150, 6764)]
replace [905, 906] [905, 906] [('if_statement', 5179, 6786)] [('if_statement', 5179, 5896)]
replace [916, 917] [916, 917] [('block', 5249, 6786)] [('block', 5249, 5896)]
replace [958, 960] [958, 959] [('assignment_expression', 5574, 5605), ('identifier', 5574, 5574)] [('ERROR', 5574, 5575)]
replace [979, 980] [978, 980] [('ERROR', 5772, 5776)] [('local_declaration_statement', 5772, 5870), ('variable_declaration', 5772, 5869)]
replace [981, 982] [981, 982] [('block', 5801, 5896)] [('ERROR', 5801, 5802)]
replace [983, 985] [983, 984] [('expression_statement', 5831, 5870), ('assignment_expression', 5831, 5869)] [('variable_declarator', 5831, 5869)]
insert [2091, 2091] [2090, 2091] [] [('ERROR', 12406, 12407)]
excerpt-no-enum nodes 2050 2051 structural differences 18
replace [5, 6] [5, 6] [('namespace_declaration', 281, 12114)] [('namespace_declaration', 281, 12112)]
replace [11, 12] [11, 12] [('declaration_list', 307, 12114)] [('declaration_list', 307, 12112)]
replace [16, 17] [16, 17] [('class_declaration', 449, 12112)] [('class_declaration', 449, 6669)]
replace [28, 29] [28, 29] [('declaration_list', 517, 12112)] [('declaration_list', 517, 6669)]
replace [585, 586] [585, 586] [('method_declaration', 3459, 6669)] [('method_declaration', 3459, 6659)]
replace [600, 601] [600, 601] [('block', 3527, 6669)] [('block', 3527, 6659)]
replace [608, 609] [608, 610] [('identifier', 3560, 3564)] [('boolean_literal', 3560, 3564), ('true', 3560, 3564)]
replace [611, 612] [612, 613] [('switch_statement', 3580, 6659)] [('switch_statement', 3580, 6493)]
replace [616, 617] [617, 618] [('switch_body', 3610, 6659)] [('switch_body', 3610, 6493)]
replace [620, 622] [621, 623] [('type_pattern', 3633, 3653), ('qualified_name', 3633, 3653)] [('constant_pattern', 3633, 3653), ('member_access_expression', 3633, 3653)]
replace [860, 861] [861, 862] [('switch_section', 4857, 6645)] [('switch_section', 4857, 6471)]
replace [863, 864] [864, 865] [('if_statement', 4886, 6493)] [('if_statement', 4886, 5603)]
replace [874, 875] [875, 876] [('block', 4956, 6493)] [('block', 4956, 5603)]
replace [916, 918] [917, 918] [('assignment_expression', 5281, 5312), ('identifier', 5281, 5281)] [('ERROR', 5281, 5282)]
replace [937, 938] [937, 939] [('ERROR', 5479, 5483)] [('local_declaration_statement', 5479, 5577), ('variable_declaration', 5479, 5576)]
replace [939, 940] [940, 941] [('block', 5508, 5603)] [('ERROR', 5508, 5509)]
replace [941, 943] [942, 943] [('expression_statement', 5538, 5577), ('assignment_expression', 5538, 5576)] [('variable_declarator', 5538, 5576)]
insert [2049, 2049] [2049, 2050] [] [('ERROR', 12113, 12114)]
