members-1-1
HANDLE 34 35 14 6874 1
MISSING 34 14 6783 182 7313 34 1
ELECTION 34 14 14 34 500 0 2 3
ENTRY 0 6874 1 34 3
ENTRY 1 6783 1 34 3
ENTRY 0 4847 2 33 3
COST 4847 701 false 0
ENTRY 0 6731 3 32 2
COST 6731 832 true 0
ELECTION 36 182 182 35 601 1 2 3
ENTRY 0 6874 1 34 3
COST 6874 702 false 10250
HANDLE 43 45 1 7313 1
ELECTION 43 1 1 42 1101 0 3 3
ENTRY 0 7313 1 42 4
ENTRY 1 7466 1 42 4
ENTRY 2 6979 1 42 4
ENTRY 0 6783 2 35 3
COST 6783 1338 false 0
ENTRY 1 5919 2 26 1
COST 5919 1407 false 25
ELECTION 46 32 32 45 1103 1 3 4
ENTRY 0 7313 1 42 4
COST 7313 1236 false 11093
HANDLE 34 35 14 6874 1
MISSING 34 14 6783 182 7313 34 1
ELECTION 34 14 14 34 500 0 2 3
ENTRY 0 6874 1 34 3
ENTRY 1 6783 1 34 3
ENTRY 0 4847 2 33 3
COST 4847 701 false 0
ENTRY 0 6731 3 32 2
COST 6731 832 true 0
ELECTION 36 182 182 35 601 1 2 3
ENTRY 0 6874 1 34 3
COST 6874 702 false 10250
HANDLE 43 45 1 7313 1
ELECTION 43 1 1 42 1101 0 3 3
ENTRY 0 7313 1 42 4
ENTRY 1 7466 1 42 4
ENTRY 2 6979 1 42 4
ENTRY 0 6783 2 35 3
COST 6783 1338 false 0
ENTRY 1 5919 2 26 1
COST 5919 1407 false 25
ELECTION 46 32 32 45 1103 1 3 4
ENTRY 0 7313 1 42 4
COST 7313 1236 false 11093

detect_error
recover_with_missing symbol:#endif, state:6979
recover_to_previous state:6874, depth:2
detect_error
detect_error
recover_to_previous state:5919, depth:2
recover_to_previous state:7313, depth:2
accept
accept
select_smaller_error symbol:compilation_unit, over_symbol:compilation_unit
members-1-2
HANDLE 34 35 14 6874 1
MISSING 34 14 6783 182 7313 34 1
ELECTION 34 14 14 34 500 0 2 3
ENTRY 0 6874 1 34 3
ENTRY 1 6783 1 34 3
ENTRY 0 4847 2 33 3
COST 4847 701 false 0
ENTRY 0 6731 3 32 2
COST 6731 832 true 0
ELECTION 36 182 182 35 601 1 2 3
ENTRY 0 6874 1 34 3
COST 6874 702 false 10250
HANDLE 43 45 1 7313 1
ELECTION 43 1 1 42 1101 0 3 3
ENTRY 0 7313 1 42 4
ENTRY 1 7466 1 42 4
ENTRY 2 6979 1 42 4
ENTRY 0 6783 2 35 3
COST 6783 1338 false 0
ENTRY 1 5919 2 26 1
COST 5919 1407 false 25
ELECTION 45 14 14 45 1103 1 3 4
ENTRY 0 7313 1 42 4
COST 7313 1236 false 11093
HANDLE 34 35 14 6874 1
MISSING 34 14 6783 182 7313 34 1
ELECTION 34 14 14 34 500 0 2 3
ENTRY 0 6874 1 34 3
ENTRY 1 6783 1 34 3
ENTRY 0 4847 2 33 3
COST 4847 701 false 0
ENTRY 0 6731 3 32 2
COST 6731 832 true 0
ELECTION 36 182 182 35 601 1 2 3
ENTRY 0 6874 1 34 3
COST 6874 702 false 10250
HANDLE 43 45 1 7313 1
ELECTION 43 1 1 42 1101 0 3 3
ENTRY 0 7313 1 42 4
ENTRY 1 7466 1 42 4
ENTRY 2 6979 1 42 4
ENTRY 0 6783 2 35 3
COST 6783 1338 false 0
ENTRY 1 5919 2 26 1
COST 5919 1407 false 25
ELECTION 45 14 14 45 1103 1 3 4
ENTRY 0 7313 1 42 4
COST 7313 1236 false 11093

detect_error
recover_with_missing symbol:#endif, state:6979
recover_to_previous state:6874, depth:2
detect_error
detect_error
recover_to_previous state:5919, depth:2
recover_to_previous state:7313, depth:2
accept
accept
select_smaller_error symbol:compilation_unit, over_symbol:compilation_unit
members-2-0
HANDLE 38 39 14 6874 1
MISSING 38 14 6783 182 7313 38 1
ELECTION 38 14 14 38 500 0 2 3
ENTRY 0 6874 1 38 4
ENTRY 1 6783 1 38 4
ENTRY 0 4847 2 37 4
COST 4847 701 false 0
ENTRY 0 6731 3 36 3
COST 6731 832 true 0
ELECTION 40 182 182 39 601 1 2 3
ENTRY 0 6874 1 38 4
COST 6874 702 true 10250
HANDLE 40 46 182 5930 1
ELECTION 40 182 182 39 1110 0 1 1
ENTRY 0 5930 1 39 4
ENTRY 0 6979 2 38 4
COST 6979 1311 false 0
ENTRY 0 7080 3 25 1
COST 7080 1514 false 0
ENTRY 0 5898 4 22 0
COST 5898 1647 false 0
ENTRY 0 7139 5 20 0
COST 7139 1749 false 0
ENTRY 0 1941 6 13 0
COST 1941 1856 false 0
ENTRY 0 6865 7 11 0
COST 6865 1958 false 0
ENTRY 0 6035 8 9 0
COST 6035 2060 false 0
ENTRY 0 1 9 0 0
COST 1 2169 false 0
ELECTION 48 32 32 46 1216 1 1 1
ENTRY 0 5930 1 39 4
COST 5930 1353 false 8959
HANDLE 38 39 14 6874 1
MISSING 38 14 6783 182 7313 38 1
ELECTION 38 14 14 38 500 0 2 3
ENTRY 0 6874 1 38 4
ENTRY 1 6783 1 38 4
ENTRY 0 4847 2 37 4
COST 4847 701 false 0
ENTRY 0 6731 3 36 3
COST 6731 832 true 0
ELECTION 40 182 182 39 601 1 2 3
ENTRY 0 6874 1 38 4
COST 6874 702 true 10250
HANDLE 40 46 182 5930 1
ELECTION 40 182 182 39 1110 0 1 1
ENTRY 0 5930 1 39 4
ENTRY 0 6979 2 38 4
COST 6979 1311 false 0
ENTRY 0 7080 3 25 1
COST 7080 1514 false 0
ENTRY 0 5898 4 22 0
COST 5898 1647 false 0
ENTRY 0 7139 5 20 0
COST 7139 1749 false 0
ENTRY 0 1941 6 13 0
COST 1941 1856 false 0
ENTRY 0 6865 7 11 0
COST 6865 1958 false 0
ENTRY 0 6035 8 9 0
COST 6035 2060 false 0
ENTRY 0 1 9 0 0
COST 1 2169 false 0
ELECTION 48 32 32 46 1216 1 1 1
ENTRY 0 5930 1 39 4
COST 5930 1353 false 8959

detect_error
recover_with_missing symbol:#endif, state:6979
recover_to_previous state:6874, depth:2
detect_error
accept
